# serializer version: 1
# name: test_claim_exploration_rewards_scenario_is_registered_with_expected_shape
  dict({
    'cron': '0 */4 * * *',
    'enabled': True,
    'name': 'Claim Exploration Rewards',
    'node': 'exploration',
    'steps': list([
      dict({
        'action': 'cta_button',
        'color': 'green',
        'match': 'exploration.claim',
        'steps': list([
          dict({
            'click': 'exploration.claim',
          }),
          dict({
            'wait': '1.5s',
          }),
        ]),
        'threshold': 0.5,
      }),
      dict({
        'action': 'cta_button',
        'color': 'green',
        'match': 'exploration.claim.collect',
        'steps': list([
          dict({
            'click': 'exploration.claim.collect',
          }),
          dict({
            'wait': '1.5s',
          }),
          dict({
            'expected': list([
              'нажмите',
              'любом месте',
              'tap anywhere',
            ]),
            'max': 3,
            'steps': list([
              dict({
                'click': 'button.tap_anywhere_to_exit',
              }),
              dict({
                'wait': '1s',
              }),
            ]),
            'while_match': 'button.tap_anywhere_to_exit',
          }),
        ]),
        'threshold': 0.5,
      }),
    ]),
  })
# ---
